Archive member included because of file (symbol)

c:/winavr-20100110/bin/../lib/gcc/avr/4.3.3/avr5\libgcc.a(_udivmodhi4.o)
                              obj/df.o (__udivmodhi4)
c:/winavr-20100110/bin/../lib/gcc/avr/4.3.3/avr5\libgcc.a(_divmodhi4.o)
                              obj/df.o (__divmodhi4)
c:/winavr-20100110/bin/../lib/gcc/avr/4.3.3/avr5\libgcc.a(_exit.o)
                              c:/winavr-20100110/bin/../lib/gcc/avr/4.3.3/../../../../avr/lib/avr5/crtm32.o (exit)
c:/winavr-20100110/bin/../lib/gcc/avr/4.3.3/avr5\libgcc.a(_copy_data.o)
                              obj/zyklus.o (__do_copy_data)
c:/winavr-20100110/bin/../lib/gcc/avr/4.3.3/avr5\libgcc.a(_clear_bss.o)
                              obj/global.o (__do_clear_bss)
c:/winavr-20100110/bin/../lib/gcc/avr/4.3.3/../../../../avr/lib/avr5\libc.a(malloc.o)
                              obj/cc-lib.o (__brkval)
c:/winavr-20100110/bin/../lib/gcc/avr/4.3.3/../../../../avr/lib/avr5\libc.a(atoi.o)
                              obj/EinAusgabeUSB.o (atoi)
c:/winavr-20100110/bin/../lib/gcc/avr/4.3.3/../../../../avr/lib/avr5\libc.a(strcat.o)
                              obj/EinAusgabeUSB.o (strcat)
c:/winavr-20100110/bin/../lib/gcc/avr/4.3.3/../../../../avr/lib/avr5\libc.a(strcpy.o)
                              obj/EinAusgabeUSB.o (strcpy)
c:/winavr-20100110/bin/../lib/gcc/avr/4.3.3/../../../../avr/lib/avr5\libc.a(itoa.o)
                              obj/EinAusgabeUSB.o (itoa)
c:/winavr-20100110/bin/../lib/gcc/avr/4.3.3/../../../../avr/lib/avr5\libc.a(mul10.o)
                              c:/winavr-20100110/bin/../lib/gcc/avr/4.3.3/../../../../avr/lib/avr5\libc.a(atoi.o) (__mulhi_const_10)
c:/winavr-20100110/bin/../lib/gcc/avr/4.3.3/../../../../avr/lib/avr5\libc.a(eerd_byte_atmega32.o)
                              obj/EinAusgabeUSB.o (__eerd_byte_m32)
c:/winavr-20100110/bin/../lib/gcc/avr/4.3.3/../../../../avr/lib/avr5\libc.a(eewr_byte_atmega32.o)
                              obj/df.o (__eewr_byte_m32)
c:/winavr-20100110/bin/../lib/gcc/avr/4.3.3/../../../../avr/lib/avr5\libc.a(strrev.o)
                              c:/winavr-20100110/bin/../lib/gcc/avr/4.3.3/../../../../avr/lib/avr5\libc.a(itoa.o) (strrev)

Allocating common symbols
Common symbol       size              file

servoG              0x2               obj/global.o
hAS                 0x2               obj/df.o
analogwertAkku      0x2               obj/global.o
abstandlinks        0x2               obj/global.o
hAH1                0x2               obj/df.o
myb                 0x2               obj/global.o
hAV                 0x2               obj/df.o
analogwertV         0x2               obj/global.o
abstandrechts       0x2               obj/global.o
myc                 0x2               obj/global.o
__brkval            0x2               c:/winavr-20100110/bin/../lib/gcc/avr/4.3.3/../../../../avr/lib/avr5\libc.a(malloc.o)
mya                 0x2               obj/global.o
convertInt          0x2               obj/global.o
analogwertL         0x2               obj/global.o
hAH2                0x2               obj/df.o
convertUint         0x2               obj/global.o
hAL                 0x2               obj/df.o
wert                0x2               obj/global.o
maxFahr             0x1               obj/global.o
y                   0x2               obj/global.o
servoMR             0x2               obj/global.o
hAFR                0x2               obj/df.o
befehl              0x1               obj/global.o
analogwertR         0x2               obj/global.o
hAR                 0x2               obj/df.o
hAH3                0x2               obj/df.o
texth               0x19              obj/global.o
servoML             0x2               obj/global.o
__flp               0x2               c:/winavr-20100110/bin/../lib/gcc/avr/4.3.3/../../../../avr/lib/avr5\libc.a(malloc.o)
e                   0x2               obj/global.o
zeichen             0x1               obj/global.o
abstandvorne        0x2               obj/global.o
eingabe             0x19              obj/global.o

Memory Configuration

Name             Origin             Length             Attributes
text             0x00000000         0x00020000         xr
data             0x00800060         0x0000ffa0         rw !x
eeprom           0x00810000         0x00010000         rw !x
fuse             0x00820000         0x00000400         rw !x
lock             0x00830000         0x00000400         rw !x
signature        0x00840000         0x00000400         rw !x
*default*        0x00000000         0xffffffff

Linker script and memory map

LOAD c:/winavr-20100110/bin/../lib/gcc/avr/4.3.3/../../../../avr/lib/avr5/crtm32.o
LOAD obj/CrazyCar-V1.39.o
LOAD obj/pwm.o
LOAD obj/adc.o
LOAD obj/zyklus.o
LOAD obj/global.o
LOAD obj/uart.o
LOAD obj/df.o
LOAD obj/EinAusgabeUSB.o
LOAD obj/myFunktions.o
LOAD obj/cc-lib.o
LOAD c:/winavr-20100110/bin/../lib/gcc/avr/4.3.3/../../../../avr/lib/avr5\libm.a
LOAD c:/winavr-20100110/bin/../lib/gcc/avr/4.3.3/avr5\libgcc.a
LOAD c:/winavr-20100110/bin/../lib/gcc/avr/4.3.3/../../../../avr/lib/avr5\libc.a
LOAD c:/winavr-20100110/bin/../lib/gcc/avr/4.3.3/avr5\libgcc.a

.hash
 *(.hash)

.dynsym
 *(.dynsym)

.dynstr
 *(.dynstr)

.gnu.version
 *(.gnu.version)

.gnu.version_d
 *(.gnu.version_d)

.gnu.version_r
 *(.gnu.version_r)

.rel.init
 *(.rel.init)

.rela.init
 *(.rela.init)

.rel.text
 *(.rel.text)
 *(.rel.text.*)
 *(.rel.gnu.linkonce.t*)

.rela.text
 *(.rela.text)
 *(.rela.text.*)
 *(.rela.gnu.linkonce.t*)

.rel.fini
 *(.rel.fini)

.rela.fini
 *(.rela.fini)

.rel.rodata
 *(.rel.rodata)
 *(.rel.rodata.*)
 *(.rel.gnu.linkonce.r*)

.rela.rodata
 *(.rela.rodata)
 *(.rela.rodata.*)
 *(.rela.gnu.linkonce.r*)

.rel.data
 *(.rel.data)
 *(.rel.data.*)
 *(.rel.gnu.linkonce.d*)

.rela.data
 *(.rela.data)
 *(.rela.data.*)
 *(.rela.gnu.linkonce.d*)

.rel.ctors
 *(.rel.ctors)

.rela.ctors
 *(.rela.ctors)

.rel.dtors
 *(.rel.dtors)

.rela.dtors
 *(.rela.dtors)

.rel.got
 *(.rel.got)

.rela.got
 *(.rela.got)

.rel.bss
 *(.rel.bss)

.rela.bss
 *(.rela.bss)

.rel.plt
 *(.rel.plt)

.rela.plt
 *(.rela.plt)

.text           0x00000000     0x25f0
 *(.vectors)
 .vectors       0x00000000       0x54 c:/winavr-20100110/bin/../lib/gcc/avr/4.3.3/../../../../avr/lib/avr5/crtm32.o
                0x00000000                __vectors
                0x00000000                __vector_default
 *(.vectors)
 *(.progmem.gcc*)
 *(.progmem*)
                0x00000054                . = ALIGN (0x2)
                0x00000054                __trampolines_start = .
 *(.trampolines)
 .trampolines   0x00000054        0x0 linker stubs
 *(.trampolines*)
                0x00000054                __trampolines_end = .
 *(.jumptables)
 *(.jumptables*)
 *(.lowtext)
 *(.lowtext*)
                0x00000054                __ctors_start = .
 *(.ctors)
                0x00000054                __ctors_end = .
                0x00000054                __dtors_start = .
 *(.dtors)
                0x00000054                __dtors_end = .
 SORT(*)(.ctors)
 SORT(*)(.dtors)
 *(.init0)
 .init0         0x00000054        0x0 c:/winavr-20100110/bin/../lib/gcc/avr/4.3.3/../../../../avr/lib/avr5/crtm32.o
                0x00000054                __init
 *(.init0)
 *(.init1)
 *(.init1)
 *(.init2)
 .init2         0x00000054        0xc c:/winavr-20100110/bin/../lib/gcc/avr/4.3.3/../../../../avr/lib/avr5/crtm32.o
 *(.init2)
 *(.init3)
 *(.init3)
 *(.init4)
 .init4         0x00000060       0x16 c:/winavr-20100110/bin/../lib/gcc/avr/4.3.3/avr5\libgcc.a(_copy_data.o)
                0x00000060                __do_copy_data
 .init4         0x00000076       0x10 c:/winavr-20100110/bin/../lib/gcc/avr/4.3.3/avr5\libgcc.a(_clear_bss.o)
                0x00000076                __do_clear_bss
 *(.init4)
 *(.init5)
 *(.init5)
 *(.init6)
 *(.init6)
 *(.init7)
 *(.init7)
 *(.init8)
 *(.init8)
 *(.init9)
 .init9         0x00000086        0x8 c:/winavr-20100110/bin/../lib/gcc/avr/4.3.3/../../../../avr/lib/avr5/crtm32.o
 *(.init9)
 *(.text)
 .text          0x0000008e        0x4 c:/winavr-20100110/bin/../lib/gcc/avr/4.3.3/../../../../avr/lib/avr5/crtm32.o
                0x0000008e                __vector_1
                0x0000008e                __vector_12
                0x0000008e                __bad_interrupt
                0x0000008e                __vector_6
                0x0000008e                __vector_3
                0x0000008e                __vector_11
                0x0000008e                __vector_17
                0x0000008e                __vector_19
                0x0000008e                __vector_7
                0x0000008e                __vector_5
                0x0000008e                __vector_9
                0x0000008e                __vector_2
                0x0000008e                __vector_15
                0x0000008e                __vector_8
                0x0000008e                __vector_10
                0x0000008e                __vector_16
                0x0000008e                __vector_18
                0x0000008e                __vector_20
 .text          0x00000092      0x1cc obj/CrazyCar-V1.39.o
                0x00000118                main
                0x00000092                autonomFahren
 .text          0x0000025e       0x1a obj/pwm.o
                0x0000025e                pwm_init
 .text          0x00000278       0x32 obj/adc.o
                0x00000286                adc
                0x00000278                adc_init
 .text          0x000002aa       0x64 obj/zyklus.o
                0x000002d8                init_Timer2
                0x000002ec                init_pwm
                0x000002aa                __vector_4
 .text          0x0000030e        0x0 obj/global.o
 .text          0x0000030e      0x15a obj/uart.o
                0x00000432                uart_puts
                0x0000044c                uart_puts_p
                0x0000030e                __vector_13
                0x000003ac                uart_init
                0x000003d4                uart_getc
                0x0000040e                uart_putc
                0x00000362                __vector_14
 .text          0x00000468      0x74a obj/df.o
                0x0000075a                terminal_aktiv
                0x000004b6                ledPB2
                0x00000b56                initMikroController
                0x00000538                mittelWerteBerechnen
                0x000006be                ledPB1_flash
                0x000004da                s1
                0x000007fe                datenspeichern
                0x000006e2                ledPB2_flash
                0x00000468                warte_sekunden
                0x000004aa                ledPB1
                0x00000520                s4
                0x00000490                warte_ms
                0x000004ce                ledPC3
                0x000004f0                s2
                0x0000072a                ledPC3_flash
                0x00000706                ledPC2_flash
                0x00000508                s3
                0x000004c2                ledPC2
 .text          0x00000bb2     0x11bc obj/EinAusgabeUSB.o
                0x00000bb2                pruefeWerteBereich
                0x00000bd4                ausgabeUSBlogoff
                0x00000dc6                ausgabehistory
                0x0000180e                eingabeUSB
                0x0000120a                ausgabeUSB2
 .text          0x00001d6e      0x160 obj/myFunktions.o
                0x00001d6e                fahren2
                0x00001d70                linearisierungAD
                0x00001db8                pReglerServoRechts
                0x00001e0c                akkuSpannungPruefen
                0x00001dae                ro
                0x00001e10                fahren1
                0x00001e0e                ledSchalterTest
 .text          0x00001ece      0x3ca obj/cc-lib.o
                0x00002046                getFahrPrivate
                0x00001fc2                initFahr
                0x0000208a                freeRam
                0x00002036                getServo
                0x00002162                testServo
                0x00001f24                servo
                0x00001ece                initServo
                0x00001fc8                getServoPrivate
                0x00002084                getFahrM
                0x000020c6                rueckwaerts
                0x0000207a                getFahr
                0x00002106                fahr
                0x00002040                getServoM
 .text          0x00002298        0x0 c:/winavr-20100110/bin/../lib/gcc/avr/4.3.3/avr5\libgcc.a(_udivmodhi4.o)
 .text          0x00002298        0x0 c:/winavr-20100110/bin/../lib/gcc/avr/4.3.3/avr5\libgcc.a(_divmodhi4.o)
 .text          0x00002298        0x0 c:/winavr-20100110/bin/../lib/gcc/avr/4.3.3/avr5\libgcc.a(_exit.o)
 .text          0x00002298        0x0 c:/winavr-20100110/bin/../lib/gcc/avr/4.3.3/avr5\libgcc.a(_copy_data.o)
 .text          0x00002298        0x0 c:/winavr-20100110/bin/../lib/gcc/avr/4.3.3/avr5\libgcc.a(_clear_bss.o)
 .text          0x00002298        0x0 c:/winavr-20100110/bin/../lib/gcc/avr/4.3.3/../../../../avr/lib/avr5\libc.a(malloc.o)
 .text          0x00002298        0x0 c:/winavr-20100110/bin/../lib/gcc/avr/4.3.3/../../../../avr/lib/avr5\libc.a(atoi.o)
 .text          0x00002298        0x0 c:/winavr-20100110/bin/../lib/gcc/avr/4.3.3/../../../../avr/lib/avr5\libc.a(strcat.o)
 .text          0x00002298        0x0 c:/winavr-20100110/bin/../lib/gcc/avr/4.3.3/../../../../avr/lib/avr5\libc.a(strcpy.o)
 .text          0x00002298        0x0 c:/winavr-20100110/bin/../lib/gcc/avr/4.3.3/../../../../avr/lib/avr5\libc.a(itoa.o)
 .text          0x00002298        0x0 c:/winavr-20100110/bin/../lib/gcc/avr/4.3.3/../../../../avr/lib/avr5\libc.a(mul10.o)
 .text          0x00002298        0x0 c:/winavr-20100110/bin/../lib/gcc/avr/4.3.3/../../../../avr/lib/avr5\libc.a(eerd_byte_atmega32.o)
 .text          0x00002298        0x0 c:/winavr-20100110/bin/../lib/gcc/avr/4.3.3/../../../../avr/lib/avr5\libc.a(eewr_byte_atmega32.o)
 .text          0x00002298        0x0 c:/winavr-20100110/bin/../lib/gcc/avr/4.3.3/../../../../avr/lib/avr5\libc.a(strrev.o)
                0x00002298                . = ALIGN (0x2)
 *(.text.*)
 .text.libgcc   0x00002298       0x28 c:/winavr-20100110/bin/../lib/gcc/avr/4.3.3/avr5\libgcc.a(_udivmodhi4.o)
                0x00002298                __udivmodhi4
 .text.libgcc   0x000022c0       0x26 c:/winavr-20100110/bin/../lib/gcc/avr/4.3.3/avr5\libgcc.a(_divmodhi4.o)
                0x000022c0                __divmodhi4
                0x000022c0                _div
 .text.libgcc   0x000022e6        0x0 c:/winavr-20100110/bin/../lib/gcc/avr/4.3.3/avr5\libgcc.a(_exit.o)
 .text.libgcc   0x000022e6        0x0 c:/winavr-20100110/bin/../lib/gcc/avr/4.3.3/avr5\libgcc.a(_copy_data.o)
 .text.libgcc   0x000022e6        0x0 c:/winavr-20100110/bin/../lib/gcc/avr/4.3.3/avr5\libgcc.a(_clear_bss.o)
 .text.avr-libc
                0x000022e6      0x20a c:/winavr-20100110/bin/../lib/gcc/avr/4.3.3/../../../../avr/lib/avr5\libc.a(malloc.o)
                0x000022e6                malloc
                0x00002440                free
 .text.avr-libc
                0x000024f0       0x3c c:/winavr-20100110/bin/../lib/gcc/avr/4.3.3/../../../../avr/lib/avr5\libc.a(atoi.o)
                0x000024f0                atoi
 .text.avr-libc
                0x0000252c       0x16 c:/winavr-20100110/bin/../lib/gcc/avr/4.3.3/../../../../avr/lib/avr5\libc.a(strcat.o)
                0x0000252c                strcat
 .text.avr-libc
                0x00002542        0xe c:/winavr-20100110/bin/../lib/gcc/avr/4.3.3/../../../../avr/lib/avr5\libc.a(strcpy.o)
                0x00002542                strcpy
 .text.avr-libc
                0x00002550       0x42 c:/winavr-20100110/bin/../lib/gcc/avr/4.3.3/../../../../avr/lib/avr5\libc.a(itoa.o)
                0x00002550                itoa
 .text.avr-libc
                0x00002592       0x10 c:/winavr-20100110/bin/../lib/gcc/avr/4.3.3/../../../../avr/lib/avr5\libc.a(mul10.o)
                0x00002592                __mulhi_const_10
 .text.avr-libc
                0x000025a2       0x10 c:/winavr-20100110/bin/../lib/gcc/avr/4.3.3/../../../../avr/lib/avr5\libc.a(eerd_byte_atmega32.o)
                0x000025a2                __eerd_byte_m32
 .text.avr-libc
                0x000025b2       0x1a c:/winavr-20100110/bin/../lib/gcc/avr/4.3.3/../../../../avr/lib/avr5\libc.a(eewr_byte_atmega32.o)
                0x000025b4                __eewr_r18_m32
                0x000025b2                __eewr_byte_m32
 .text.avr-libc
                0x000025cc       0x20 c:/winavr-20100110/bin/../lib/gcc/avr/4.3.3/../../../../avr/lib/avr5\libc.a(strrev.o)
                0x000025cc                strrev
                0x000025ec                . = ALIGN (0x2)
 *(.fini9)
 .fini9         0x000025ec        0x0 c:/winavr-20100110/bin/../lib/gcc/avr/4.3.3/avr5\libgcc.a(_exit.o)
                0x000025ec                exit
                0x000025ec                _exit
 *(.fini9)
 *(.fini8)
 *(.fini8)
 *(.fini7)
 *(.fini7)
 *(.fini6)
 *(.fini6)
 *(.fini5)
 *(.fini5)
 *(.fini4)
 *(.fini4)
 *(.fini3)
 *(.fini3)
 *(.fini2)
 *(.fini2)
 *(.fini1)
 *(.fini1)
 *(.fini0)
 .fini0         0x000025ec        0x4 c:/winavr-20100110/bin/../lib/gcc/avr/4.3.3/avr5\libgcc.a(_exit.o)
 *(.fini0)
                0x000025f0                _etext = .

.data           0x00800060      0x13a load address 0x000025f0
                0x00800060                PROVIDE (__data_start, .)
 *(.data)
 .data          0x00800060        0x0 c:/winavr-20100110/bin/../lib/gcc/avr/4.3.3/../../../../avr/lib/avr5/crtm32.o
 .data          0x00800060        0x0 obj/CrazyCar-V1.39.o
 .data          0x00800060        0x0 obj/pwm.o
 .data          0x00800060        0x0 obj/adc.o
 .data          0x00800060        0x2 obj/zyklus.o
                0x00800060                cnt1_top
 .data          0x00800062       0x84 obj/global.o
                0x00800085                grosserText
                0x00800064                hisDepth
                0x00800065                ausgabefaktor
                0x00800078                abtastzeitMAXText
                0x008000af                myTEXT
                0x008000d5                m2
                0x008000c8                textF1
                0x00800062                hmod
                0x00800083                gleichText
                0x008000b2                tab
                0x0080007e                akkuText
                0x00800070                freeRAMText
                0x00800063                anzahl
                0x00800087                kommandos
                0x008000d3                m1
                0x008000bf                textF
                0x008000ab                modTEXT
                0x008000d7                ausgabeT
                0x008000ba                ausText
                0x00800066                welcome
                0x008000b6                anText
 .data          0x008000e6        0x0 obj/uart.o
 .data          0x008000e6        0x2 obj/df.o
                0x008000e6                datenSatzZaehler
 .data          0x008000e8       0x96 obj/EinAusgabeUSB.o
 .data          0x0080017e        0x0 obj/myFunktions.o
 .data          0x0080017e       0x16 obj/cc-lib.o
 .data          0x00800194        0x0 c:/winavr-20100110/bin/../lib/gcc/avr/4.3.3/avr5\libgcc.a(_udivmodhi4.o)
 .data          0x00800194        0x0 c:/winavr-20100110/bin/../lib/gcc/avr/4.3.3/avr5\libgcc.a(_divmodhi4.o)
 .data          0x00800194        0x0 c:/winavr-20100110/bin/../lib/gcc/avr/4.3.3/avr5\libgcc.a(_exit.o)
 .data          0x00800194        0x0 c:/winavr-20100110/bin/../lib/gcc/avr/4.3.3/avr5\libgcc.a(_copy_data.o)
 .data          0x00800194        0x0 c:/winavr-20100110/bin/../lib/gcc/avr/4.3.3/avr5\libgcc.a(_clear_bss.o)
 .data          0x00800194        0x6 c:/winavr-20100110/bin/../lib/gcc/avr/4.3.3/../../../../avr/lib/avr5\libc.a(malloc.o)
                0x00800196                __malloc_heap_start
                0x00800198                __malloc_heap_end
                0x00800194                __malloc_margin
 .data          0x0080019a        0x0 c:/winavr-20100110/bin/../lib/gcc/avr/4.3.3/../../../../avr/lib/avr5\libc.a(atoi.o)
 .data          0x0080019a        0x0 c:/winavr-20100110/bin/../lib/gcc/avr/4.3.3/../../../../avr/lib/avr5\libc.a(strcat.o)
 .data          0x0080019a        0x0 c:/winavr-20100110/bin/../lib/gcc/avr/4.3.3/../../../../avr/lib/avr5\libc.a(strcpy.o)
 .data          0x0080019a        0x0 c:/winavr-20100110/bin/../lib/gcc/avr/4.3.3/../../../../avr/lib/avr5\libc.a(itoa.o)
 .data          0x0080019a        0x0 c:/winavr-20100110/bin/../lib/gcc/avr/4.3.3/../../../../avr/lib/avr5\libc.a(mul10.o)
 .data          0x0080019a        0x0 c:/winavr-20100110/bin/../lib/gcc/avr/4.3.3/../../../../avr/lib/avr5\libc.a(eerd_byte_atmega32.o)
 .data          0x0080019a        0x0 c:/winavr-20100110/bin/../lib/gcc/avr/4.3.3/../../../../avr/lib/avr5\libc.a(eewr_byte_atmega32.o)
 .data          0x0080019a        0x0 c:/winavr-20100110/bin/../lib/gcc/avr/4.3.3/../../../../avr/lib/avr5\libc.a(strrev.o)
 *(.data*)
 *(.rodata)
 *(.rodata*)
 *(.gnu.linkonce.d*)
                0x0080019a                . = ALIGN (0x2)
                0x0080019a                _edata = .
                0x0080019a                PROVIDE (__data_end, .)

.bss            0x0080019a      0x104
                0x0080019a                PROVIDE (__bss_start, .)
 *(.bss)
 .bss           0x0080019a        0x0 c:/winavr-20100110/bin/../lib/gcc/avr/4.3.3/../../../../avr/lib/avr5/crtm32.o
 .bss           0x0080019a        0x0 obj/CrazyCar-V1.39.o
 .bss           0x0080019a        0x0 obj/pwm.o
 .bss           0x0080019a        0x0 obj/adc.o
 .bss           0x0080019a        0x0 obj/zyklus.o
 .bss           0x0080019a       0x3e obj/global.o
                0x008001c7                logOnOff
                0x008001a4                OutV
                0x008001c6                j
                0x008001b2                OutHFR
                0x008001bc                OutH2
                0x008001d2                ausgabe1
                0x008001d6                ausgabe3
                0x008001c0                h1
                0x008001cf                logMod
                0x008001cb                logBTOnOff
                0x0080019c                abtastzeitMAX
                0x008001b6                OutHH2
                0x0080019a                abtastzeit
                0x008001cd                hspStart
                0x008001be                OutH3
                0x008001a8                OutFR
                0x008001b0                OutHS
                0x008001ae                OutHV
                0x008001ca                history
                0x008001ce                mod
                0x008001c2                h2
                0x008001cc                logStart
                0x008001a0                OutL
                0x008001ac                OutHR
                0x0080019e                abtastzeitZyklus
                0x008001a6                OutS
                0x008001d4                ausgabe2
                0x008001d0                kommand
                0x008001aa                OutHL
                0x008001c4                h3
                0x008001b8                OutHH3
                0x008001ba                OutH1
                0x008001b4                OutHH1
                0x008001a2                OutR
                0x008001c8                logOffAus
                0x008001c9                logCmOnOff
 .bss           0x008001d8       0x45 obj/uart.o
 .bss           0x0080021d       0x11 obj/df.o
                0x00800227                historyAverageH1
                0x00800225                historyAverageFR
                0x0080021f                historyAverageR
                0x0080021d                historyAverageL
                0x0080022d                historyDepthPointer
                0x00800221                historyAverageV
                0x0080022b                historyAverageH3
                0x00800223                historyAverageS
                0x00800229                historyAverageH2
 .bss           0x0080022e        0x0 obj/EinAusgabeUSB.o
 .bss           0x0080022e        0x3 obj/myFunktions.o
                0x0080022e                histerese
                0x00800230                ereignisBremsen
 .bss           0x00800231        0x0 obj/cc-lib.o
 .bss           0x00800231        0x0 c:/winavr-20100110/bin/../lib/gcc/avr/4.3.3/avr5\libgcc.a(_udivmodhi4.o)
 .bss           0x00800231        0x0 c:/winavr-20100110/bin/../lib/gcc/avr/4.3.3/avr5\libgcc.a(_divmodhi4.o)
 .bss           0x00800231        0x0 c:/winavr-20100110/bin/../lib/gcc/avr/4.3.3/avr5\libgcc.a(_exit.o)
 .bss           0x00800231        0x0 c:/winavr-20100110/bin/../lib/gcc/avr/4.3.3/avr5\libgcc.a(_copy_data.o)
 .bss           0x00800231        0x0 c:/winavr-20100110/bin/../lib/gcc/avr/4.3.3/avr5\libgcc.a(_clear_bss.o)
 .bss           0x00800231        0x0 c:/winavr-20100110/bin/../lib/gcc/avr/4.3.3/../../../../avr/lib/avr5\libc.a(malloc.o)
 .bss           0x00800231        0x0 c:/winavr-20100110/bin/../lib/gcc/avr/4.3.3/../../../../avr/lib/avr5\libc.a(atoi.o)
 .bss           0x00800231        0x0 c:/winavr-20100110/bin/../lib/gcc/avr/4.3.3/../../../../avr/lib/avr5\libc.a(strcat.o)
 .bss           0x00800231        0x0 c:/winavr-20100110/bin/../lib/gcc/avr/4.3.3/../../../../avr/lib/avr5\libc.a(strcpy.o)
 .bss           0x00800231        0x0 c:/winavr-20100110/bin/../lib/gcc/avr/4.3.3/../../../../avr/lib/avr5\libc.a(itoa.o)
 .bss           0x00800231        0x0 c:/winavr-20100110/bin/../lib/gcc/avr/4.3.3/../../../../avr/lib/avr5\libc.a(mul10.o)
 .bss           0x00800231        0x0 c:/winavr-20100110/bin/../lib/gcc/avr/4.3.3/../../../../avr/lib/avr5\libc.a(eerd_byte_atmega32.o)
 .bss           0x00800231        0x0 c:/winavr-20100110/bin/../lib/gcc/avr/4.3.3/../../../../avr/lib/avr5\libc.a(eewr_byte_atmega32.o)
 .bss           0x00800231        0x0 c:/winavr-20100110/bin/../lib/gcc/avr/4.3.3/../../../../avr/lib/avr5\libc.a(strrev.o)
 *(.bss*)
 *(COMMON)
 COMMON         0x00800231       0x59 obj/global.o
                0x00800231                servoG
                0x00800233                analogwertAkku
                0x00800235                abstandlinks
                0x00800237                myb
                0x00800239                analogwertV
                0x0080023b                abstandrechts
                0x0080023d                myc
                0x0080023f                mya
                0x00800241                convertInt
                0x00800243                analogwertL
                0x00800245                convertUint
                0x00800247                wert
                0x00800249                maxFahr
                0x0080024a                y
                0x0080024c                servoMR
                0x0080024e                befehl
                0x0080024f                analogwertR
                0x00800251                texth
                0x0080026a                servoML
                0x0080026c                e
                0x0080026e                zeichen
                0x0080026f                abstandvorne
                0x00800271                eingabe
 COMMON         0x0080028a       0x10 obj/df.o
                0x0080028a                hAS
                0x0080028c                hAH1
                0x0080028e                hAV
                0x00800290                hAH2
                0x00800292                hAL
                0x00800294                hAFR
                0x00800296                hAR
                0x00800298                hAH3
 COMMON         0x0080029a        0x4 c:/winavr-20100110/bin/../lib/gcc/avr/4.3.3/../../../../avr/lib/avr5\libc.a(malloc.o)
                0x0080029a                __brkval
                0x0080029c                __flp
                0x0080029e                PROVIDE (__bss_end, .)
                0x000025f0                __data_load_start = LOADADDR (.data)
                0x0000272a                __data_load_end = (__data_load_start + SIZEOF (.data))

.noinit         0x0080029e        0x0
                0x0080029e                PROVIDE (__noinit_start, .)
 *(.noinit*)
                0x0080029e                PROVIDE (__noinit_end, .)
                0x0080029e                _end = .
                0x0080029e                PROVIDE (__heap_start, .)

.eeprom         0x00810000      0x3c2
 *(.eeprom*)
 .eeprom        0x00810000      0x3c2 obj/df.o
                0x008101e0                historyDepthFR
                0x00810000                historyDepthL
                0x00810258                historyZzMAX
                0x008102d2                historyDepthH2
                0x008100f0                historyDepthV
                0x00810168                historyDepthS
                0x0081025a                historyDepthH1
                0x0081034a                historyDepthH3
                0x00810078                historyDepthR
                0x008103c2                __eeprom_end = .

.fuse
 *(.fuse)
 *(.lfuse)
 *(.hfuse)
 *(.efuse)

.lock
 *(.lock*)

.signature
 *(.signature*)

.stab
 *(.stab)

.stabstr
 *(.stabstr)

.stab.excl
 *(.stab.excl)

.stab.exclstr
 *(.stab.exclstr)

.stab.index
 *(.stab.index)

.stab.indexstr
 *(.stab.indexstr)

.comment
 *(.comment)

.debug
 *(.debug)

.line
 *(.line)

.debug_srcinfo
 *(.debug_srcinfo)

.debug_sfnames
 *(.debug_sfnames)

.debug_aranges  0x00000000      0x120
 *(.debug_aranges)
 .debug_aranges
                0x00000000       0x20 obj/CrazyCar-V1.39.o
 .debug_aranges
                0x00000020       0x20 obj/pwm.o
 .debug_aranges
                0x00000040       0x20 obj/adc.o
 .debug_aranges
                0x00000060       0x20 obj/zyklus.o
 .debug_aranges
                0x00000080       0x20 obj/uart.o
 .debug_aranges
                0x000000a0       0x20 obj/df.o
 .debug_aranges
                0x000000c0       0x20 obj/EinAusgabeUSB.o
 .debug_aranges
                0x000000e0       0x20 obj/myFunktions.o
 .debug_aranges
                0x00000100       0x20 obj/cc-lib.o

.debug_pubnames
                0x00000000      0x9b3
 *(.debug_pubnames)
 .debug_pubnames
                0x00000000       0x2d obj/CrazyCar-V1.39.o
 .debug_pubnames
                0x0000002d       0x1f obj/pwm.o
 .debug_pubnames
                0x0000004c       0x27 obj/adc.o
 .debug_pubnames
                0x00000073       0x4b obj/zyklus.o
 .debug_pubnames
                0x000000be      0x3cc obj/global.o
 .debug_pubnames
                0x0000048a       0x7a obj/uart.o
 .debug_pubnames
                0x00000504      0x2cf obj/df.o
 .debug_pubnames
                0x000007d3       0x70 obj/EinAusgabeUSB.o
 .debug_pubnames
                0x00000843       0xab obj/myFunktions.o
 .debug_pubnames
                0x000008ee       0xc5 obj/cc-lib.o

.debug_info     0x00000000     0x229e
 *(.debug_info)
 .debug_info    0x00000000      0x164 obj/CrazyCar-V1.39.o
 .debug_info    0x00000164       0x72 obj/pwm.o
 .debug_info    0x000001d6       0xc7 obj/adc.o
 .debug_info    0x0000029d       0xc7 obj/zyklus.o
 .debug_info    0x00000364      0x777 obj/global.o
 .debug_info    0x00000adb      0x2b4 obj/uart.o
 .debug_info    0x00000d8f      0x8ab obj/df.o
 .debug_info    0x0000163a      0x6a9 obj/EinAusgabeUSB.o
 .debug_info    0x00001ce3      0x224 obj/myFunktions.o
 .debug_info    0x00001f07      0x397 obj/cc-lib.o
 *(.gnu.linkonce.wi.*)

.debug_abbrev   0x00000000      0x93a
 *(.debug_abbrev)
 .debug_abbrev  0x00000000       0x8e obj/CrazyCar-V1.39.o
 .debug_abbrev  0x0000008e       0x3f obj/pwm.o
 .debug_abbrev  0x000000cd       0x8e obj/adc.o
 .debug_abbrev  0x0000015b       0x77 obj/zyklus.o
 .debug_abbrev  0x000001d2       0x97 obj/global.o
 .debug_abbrev  0x00000269       0xfa obj/uart.o
 .debug_abbrev  0x00000363      0x220 obj/df.o
 .debug_abbrev  0x00000583      0x17a obj/EinAusgabeUSB.o
 .debug_abbrev  0x000006fd      0x127 obj/myFunktions.o
 .debug_abbrev  0x00000824      0x116 obj/cc-lib.o

.debug_line     0x00000000     0x1c50
 *(.debug_line)
 .debug_line    0x00000000      0x1fa obj/CrazyCar-V1.39.o
 .debug_line    0x000001fa       0x77 obj/pwm.o
 .debug_line    0x00000271       0xf0 obj/adc.o
 .debug_line    0x00000361      0x10f obj/zyklus.o
 .debug_line    0x00000470       0x8f obj/global.o
 .debug_line    0x000004ff      0x219 obj/uart.o
 .debug_line    0x00000718      0x5e7 obj/df.o
 .debug_line    0x00000cff      0xa84 obj/EinAusgabeUSB.o
 .debug_line    0x00001783      0x19f obj/myFunktions.o
 .debug_line    0x00001922      0x32e obj/cc-lib.o

.debug_frame    0x00000000      0x430
 *(.debug_frame)
 .debug_frame   0x00000000       0x30 obj/CrazyCar-V1.39.o
 .debug_frame   0x00000030       0x20 obj/pwm.o
 .debug_frame   0x00000050       0x30 obj/adc.o
 .debug_frame   0x00000080       0x40 obj/zyklus.o
 .debug_frame   0x000000c0       0x80 obj/uart.o
 .debug_frame   0x00000140      0x130 obj/df.o
 .debug_frame   0x00000270       0x60 obj/EinAusgabeUSB.o
 .debug_frame   0x000002d0       0x80 obj/myFunktions.o
 .debug_frame   0x00000350       0xe0 obj/cc-lib.o

.debug_str      0x00000000      0x8ad
 *(.debug_str)
 .debug_str     0x00000000      0x15c obj/CrazyCar-V1.39.o
                                0x197 (size before relaxing)
 .debug_str     0x0000015c        0xf obj/pwm.o
                                 0xbf (size before relaxing)
 .debug_str     0x0000016b        0xf obj/adc.o
                                 0xd0 (size before relaxing)
 .debug_str     0x0000017a       0x32 obj/zyklus.o
                                 0xf6 (size before relaxing)
 .debug_str     0x000001ac      0x1e2 obj/global.o
                                0x34a (size before relaxing)
 .debug_str     0x0000038e       0xf7 obj/uart.o
                                0x1bd (size before relaxing)
 .debug_str     0x00000485      0x219 obj/df.o
                                0x41b (size before relaxing)
 .debug_str     0x0000069e       0x6b obj/EinAusgabeUSB.o
                                0x3ce (size before relaxing)
 .debug_str     0x00000709       0xb8 obj/myFunktions.o
                                0x1c2 (size before relaxing)
 .debug_str     0x000007c1       0xec obj/cc-lib.o
                                0x1fb (size before relaxing)

.debug_loc      0x00000000      0x702
 *(.debug_loc)
 .debug_loc     0x00000000       0x26 obj/adc.o
 .debug_loc     0x00000026      0x164 obj/uart.o
 .debug_loc     0x0000018a       0x96 obj/df.o
 .debug_loc     0x00000220      0x25c obj/EinAusgabeUSB.o
 .debug_loc     0x0000047c       0xc6 obj/myFunktions.o
 .debug_loc     0x00000542      0x1c0 obj/cc-lib.o

.debug_macinfo
 *(.debug_macinfo)
OUTPUT(CrazyCar-V1.39.elf elf32-avr)
LOAD linker stubs

.debug_ranges   0x00000000       0x78
 .debug_ranges  0x00000000       0x60 obj/df.o
 .debug_ranges  0x00000060       0x18 obj/EinAusgabeUSB.o

Cross Reference Table

Symbol                                            File
OutFR                                             obj/global.o
                                                  obj/EinAusgabeUSB.o
OutH1                                             obj/global.o
                                                  obj/EinAusgabeUSB.o
OutH2                                             obj/global.o
                                                  obj/EinAusgabeUSB.o
OutH3                                             obj/global.o
                                                  obj/EinAusgabeUSB.o
OutHFR                                            obj/global.o
                                                  obj/EinAusgabeUSB.o
                                                  obj/df.o
OutHH1                                            obj/global.o
                                                  obj/EinAusgabeUSB.o
                                                  obj/df.o
OutHH2                                            obj/global.o
                                                  obj/EinAusgabeUSB.o
                                                  obj/df.o
OutHH3                                            obj/global.o
                                                  obj/EinAusgabeUSB.o
                                                  obj/df.o
OutHL                                             obj/global.o
                                                  obj/EinAusgabeUSB.o
                                                  obj/df.o
OutHR                                             obj/global.o
                                                  obj/EinAusgabeUSB.o
                                                  obj/df.o
OutHS                                             obj/global.o
                                                  obj/EinAusgabeUSB.o
                                                  obj/df.o
OutHV                                             obj/global.o
                                                  obj/EinAusgabeUSB.o
                                                  obj/df.o
OutL                                              obj/global.o
                                                  obj/EinAusgabeUSB.o
OutR                                              obj/global.o
                                                  obj/EinAusgabeUSB.o
OutS                                              obj/global.o
                                                  obj/EinAusgabeUSB.o
OutV                                              obj/global.o
                                                  obj/EinAusgabeUSB.o
__bad_interrupt                                   c:/winavr-20100110/bin/../lib/gcc/avr/4.3.3/../../../../avr/lib/avr5/crtm32.o
__brkval                                          c:/winavr-20100110/bin/../lib/gcc/avr/4.3.3/../../../../avr/lib/avr5\libc.a(malloc.o)
                                                  obj/cc-lib.o
__bss_end                                         c:/winavr-20100110/bin/../lib/gcc/avr/4.3.3/avr5\libgcc.a(_clear_bss.o)
__bss_start                                       c:/winavr-20100110/bin/../lib/gcc/avr/4.3.3/avr5\libgcc.a(_clear_bss.o)
__data_end                                        c:/winavr-20100110/bin/../lib/gcc/avr/4.3.3/avr5\libgcc.a(_copy_data.o)
__data_load_start                                 c:/winavr-20100110/bin/../lib/gcc/avr/4.3.3/avr5\libgcc.a(_copy_data.o)
__data_start                                      c:/winavr-20100110/bin/../lib/gcc/avr/4.3.3/avr5\libgcc.a(_copy_data.o)
__divmodhi4                                       c:/winavr-20100110/bin/../lib/gcc/avr/4.3.3/avr5\libgcc.a(_divmodhi4.o)
                                                  obj/cc-lib.o
                                                  obj/myFunktions.o
                                                  obj/df.o
__do_clear_bss                                    c:/winavr-20100110/bin/../lib/gcc/avr/4.3.3/avr5\libgcc.a(_clear_bss.o)
                                                  c:/winavr-20100110/bin/../lib/gcc/avr/4.3.3/../../../../avr/lib/avr5\libc.a(malloc.o)
                                                  obj/myFunktions.o
                                                  obj/df.o
                                                  obj/uart.o
                                                  obj/global.o
__do_copy_data                                    c:/winavr-20100110/bin/../lib/gcc/avr/4.3.3/avr5\libgcc.a(_copy_data.o)
                                                  c:/winavr-20100110/bin/../lib/gcc/avr/4.3.3/../../../../avr/lib/avr5\libc.a(malloc.o)
                                                  obj/cc-lib.o
                                                  obj/EinAusgabeUSB.o
                                                  obj/df.o
                                                  obj/global.o
                                                  obj/zyklus.o
__eerd_byte_m32                                   c:/winavr-20100110/bin/../lib/gcc/avr/4.3.3/../../../../avr/lib/avr5\libc.a(eerd_byte_atmega32.o)
                                                  obj/EinAusgabeUSB.o
__eewr_byte_m32                                   c:/winavr-20100110/bin/../lib/gcc/avr/4.3.3/../../../../avr/lib/avr5\libc.a(eewr_byte_atmega32.o)
                                                  obj/df.o
__eewr_r18_m32                                    c:/winavr-20100110/bin/../lib/gcc/avr/4.3.3/../../../../avr/lib/avr5\libc.a(eewr_byte_atmega32.o)
__flp                                             c:/winavr-20100110/bin/../lib/gcc/avr/4.3.3/../../../../avr/lib/avr5\libc.a(malloc.o)
__heap_end                                        c:/winavr-20100110/bin/../lib/gcc/avr/4.3.3/../../../../avr/lib/avr5/crtm32.o
                                                  c:/winavr-20100110/bin/../lib/gcc/avr/4.3.3/../../../../avr/lib/avr5\libc.a(malloc.o)
__heap_start                                      c:/winavr-20100110/bin/../lib/gcc/avr/4.3.3/../../../../avr/lib/avr5\libc.a(malloc.o)
                                                  obj/cc-lib.o
__init                                            c:/winavr-20100110/bin/../lib/gcc/avr/4.3.3/../../../../avr/lib/avr5/crtm32.o
__malloc_heap_end                                 c:/winavr-20100110/bin/../lib/gcc/avr/4.3.3/../../../../avr/lib/avr5\libc.a(malloc.o)
__malloc_heap_start                               c:/winavr-20100110/bin/../lib/gcc/avr/4.3.3/../../../../avr/lib/avr5\libc.a(malloc.o)
__malloc_margin                                   c:/winavr-20100110/bin/../lib/gcc/avr/4.3.3/../../../../avr/lib/avr5\libc.a(malloc.o)
__mulhi_const_10                                  c:/winavr-20100110/bin/../lib/gcc/avr/4.3.3/../../../../avr/lib/avr5\libc.a(mul10.o)
                                                  c:/winavr-20100110/bin/../lib/gcc/avr/4.3.3/../../../../avr/lib/avr5\libc.a(atoi.o)
__stack                                           c:/winavr-20100110/bin/../lib/gcc/avr/4.3.3/../../../../avr/lib/avr5/crtm32.o
__udivmodhi4                                      c:/winavr-20100110/bin/../lib/gcc/avr/4.3.3/avr5\libgcc.a(_udivmodhi4.o)
                                                  c:/winavr-20100110/bin/../lib/gcc/avr/4.3.3/../../../../avr/lib/avr5\libc.a(itoa.o)
                                                  c:/winavr-20100110/bin/../lib/gcc/avr/4.3.3/avr5\libgcc.a(_divmodhi4.o)
                                                  obj/myFunktions.o
                                                  obj/EinAusgabeUSB.o
                                                  obj/df.o
__vector_1                                        c:/winavr-20100110/bin/../lib/gcc/avr/4.3.3/../../../../avr/lib/avr5/crtm32.o
__vector_10                                       c:/winavr-20100110/bin/../lib/gcc/avr/4.3.3/../../../../avr/lib/avr5/crtm32.o
__vector_11                                       c:/winavr-20100110/bin/../lib/gcc/avr/4.3.3/../../../../avr/lib/avr5/crtm32.o
__vector_12                                       c:/winavr-20100110/bin/../lib/gcc/avr/4.3.3/../../../../avr/lib/avr5/crtm32.o
__vector_13                                       obj/uart.o
                                                  c:/winavr-20100110/bin/../lib/gcc/avr/4.3.3/../../../../avr/lib/avr5/crtm32.o
__vector_14                                       obj/uart.o
                                                  c:/winavr-20100110/bin/../lib/gcc/avr/4.3.3/../../../../avr/lib/avr5/crtm32.o
__vector_15                                       c:/winavr-20100110/bin/../lib/gcc/avr/4.3.3/../../../../avr/lib/avr5/crtm32.o
__vector_16                                       c:/winavr-20100110/bin/../lib/gcc/avr/4.3.3/../../../../avr/lib/avr5/crtm32.o
__vector_17                                       c:/winavr-20100110/bin/../lib/gcc/avr/4.3.3/../../../../avr/lib/avr5/crtm32.o
__vector_18                                       c:/winavr-20100110/bin/../lib/gcc/avr/4.3.3/../../../../avr/lib/avr5/crtm32.o
__vector_19                                       c:/winavr-20100110/bin/../lib/gcc/avr/4.3.3/../../../../avr/lib/avr5/crtm32.o
__vector_2                                        c:/winavr-20100110/bin/../lib/gcc/avr/4.3.3/../../../../avr/lib/avr5/crtm32.o
__vector_20                                       c:/winavr-20100110/bin/../lib/gcc/avr/4.3.3/../../../../avr/lib/avr5/crtm32.o
__vector_3                                        c:/winavr-20100110/bin/../lib/gcc/avr/4.3.3/../../../../avr/lib/avr5/crtm32.o
__vector_4                                        obj/zyklus.o
                                                  c:/winavr-20100110/bin/../lib/gcc/avr/4.3.3/../../../../avr/lib/avr5/crtm32.o
__vector_5                                        c:/winavr-20100110/bin/../lib/gcc/avr/4.3.3/../../../../avr/lib/avr5/crtm32.o
__vector_6                                        c:/winavr-20100110/bin/../lib/gcc/avr/4.3.3/../../../../avr/lib/avr5/crtm32.o
__vector_7                                        c:/winavr-20100110/bin/../lib/gcc/avr/4.3.3/../../../../avr/lib/avr5/crtm32.o
__vector_8                                        c:/winavr-20100110/bin/../lib/gcc/avr/4.3.3/../../../../avr/lib/avr5/crtm32.o
__vector_9                                        c:/winavr-20100110/bin/../lib/gcc/avr/4.3.3/../../../../avr/lib/avr5/crtm32.o
__vector_default                                  c:/winavr-20100110/bin/../lib/gcc/avr/4.3.3/../../../../avr/lib/avr5/crtm32.o
__vectors                                         c:/winavr-20100110/bin/../lib/gcc/avr/4.3.3/../../../../avr/lib/avr5/crtm32.o
_div                                              c:/winavr-20100110/bin/../lib/gcc/avr/4.3.3/avr5\libgcc.a(_divmodhi4.o)
_exit                                             c:/winavr-20100110/bin/../lib/gcc/avr/4.3.3/avr5\libgcc.a(_exit.o)
abstandlinks                                      obj/myFunktions.o
                                                  obj/global.o
                                                  obj/CrazyCar-V1.39.o
abstandrechts                                     obj/myFunktions.o
                                                  obj/global.o
                                                  obj/CrazyCar-V1.39.o
abstandvorne                                      obj/myFunktions.o
                                                  obj/global.o
                                                  obj/CrazyCar-V1.39.o
abtastzeit                                        obj/global.o
                                                  obj/df.o
                                                  obj/zyklus.o
                                                  obj/CrazyCar-V1.39.o
abtastzeitMAX                                     obj/global.o
                                                  obj/EinAusgabeUSB.o
                                                  obj/df.o
                                                  obj/CrazyCar-V1.39.o
abtastzeitMAXText                                 obj/global.o
                                                  obj/EinAusgabeUSB.o
abtastzeitZyklus                                  obj/global.o
                                                  obj/df.o
adc                                               obj/adc.o
                                                  obj/CrazyCar-V1.39.o
adc_init                                          obj/adc.o
                                                  obj/df.o
akkuSpannungPruefen                               obj/myFunktions.o
akkuText                                          obj/global.o
                                                  obj/EinAusgabeUSB.o
anText                                            obj/global.o
                                                  obj/EinAusgabeUSB.o
analogwertAkku                                    obj/EinAusgabeUSB.o
                                                  obj/global.o
                                                  obj/CrazyCar-V1.39.o
analogwertL                                       obj/df.o
                                                  obj/global.o
                                                  obj/CrazyCar-V1.39.o
analogwertR                                       obj/df.o
                                                  obj/global.o
                                                  obj/CrazyCar-V1.39.o
analogwertV                                       obj/df.o
                                                  obj/global.o
                                                  obj/CrazyCar-V1.39.o
anzahl                                            obj/global.o
                                                  obj/EinAusgabeUSB.o
atoi                                              c:/winavr-20100110/bin/../lib/gcc/avr/4.3.3/../../../../avr/lib/avr5\libc.a(atoi.o)
                                                  obj/EinAusgabeUSB.o
ausText                                           obj/global.o
                                                  obj/EinAusgabeUSB.o
ausgabe1                                          obj/global.o
                                                  obj/EinAusgabeUSB.o
                                                  obj/df.o
ausgabe2                                          obj/global.o
                                                  obj/myFunktions.o
                                                  obj/EinAusgabeUSB.o
                                                  obj/df.o
ausgabe3                                          obj/global.o
                                                  obj/myFunktions.o
                                                  obj/EinAusgabeUSB.o
                                                  obj/df.o
ausgabeT                                          obj/global.o
                                                  obj/EinAusgabeUSB.o
ausgabeUSB2                                       obj/EinAusgabeUSB.o
                                                  obj/df.o
ausgabeUSBlogoff                                  obj/EinAusgabeUSB.o
                                                  obj/df.o
ausgabefaktor                                     obj/global.o
                                                  obj/EinAusgabeUSB.o
ausgabehistory                                    obj/EinAusgabeUSB.o
                                                  obj/df.o
autonomFahren                                     obj/CrazyCar-V1.39.o
befehl                                            obj/EinAusgabeUSB.o
                                                  obj/global.o
cnt1_top                                          obj/zyklus.o
convertInt                                        obj/EinAusgabeUSB.o
                                                  obj/global.o
convertUint                                       obj/EinAusgabeUSB.o
                                                  obj/df.o
                                                  obj/global.o
datenSatzZaehler                                  obj/df.o
                                                  obj/EinAusgabeUSB.o
                                                  obj/CrazyCar-V1.39.o
datenspeichern                                    obj/df.o
                                                  obj/CrazyCar-V1.39.o
e                                                 obj/myFunktions.o
                                                  obj/global.o
eingabe                                           obj/EinAusgabeUSB.o
                                                  obj/global.o
eingabeUSB                                        obj/EinAusgabeUSB.o
                                                  obj/df.o
ereignisBremsen                                   obj/myFunktions.o
exit                                              c:/winavr-20100110/bin/../lib/gcc/avr/4.3.3/avr5\libgcc.a(_exit.o)
                                                  c:/winavr-20100110/bin/../lib/gcc/avr/4.3.3/../../../../avr/lib/avr5/crtm32.o
fahr                                              obj/cc-lib.o
                                                  obj/myFunktions.o
                                                  obj/EinAusgabeUSB.o
                                                  obj/CrazyCar-V1.39.o
fahren1                                           obj/myFunktions.o
                                                  obj/CrazyCar-V1.39.o
fahren2                                           obj/myFunktions.o
                                                  obj/CrazyCar-V1.39.o
free                                              c:/winavr-20100110/bin/../lib/gcc/avr/4.3.3/../../../../avr/lib/avr5\libc.a(malloc.o)
freeRAMText                                       obj/global.o
                                                  obj/EinAusgabeUSB.o
freeRam                                           obj/cc-lib.o
                                                  obj/EinAusgabeUSB.o
getFahr                                           obj/cc-lib.o
                                                  obj/myFunktions.o
getFahrM                                          obj/cc-lib.o
                                                  obj/EinAusgabeUSB.o
getFahrPrivate                                    obj/cc-lib.o
getServo                                          obj/cc-lib.o
getServoM                                         obj/cc-lib.o
                                                  obj/EinAusgabeUSB.o
getServoPrivate                                   obj/cc-lib.o
gleichText                                        obj/global.o
                                                  obj/EinAusgabeUSB.o
grosserText                                       obj/global.o
                                                  obj/EinAusgabeUSB.o
h1                                                obj/global.o
                                                  obj/df.o
h2                                                obj/global.o
                                                  obj/df.o
h3                                                obj/global.o
                                                  obj/df.o
hAFR                                              obj/df.o
hAH1                                              obj/df.o
hAH2                                              obj/df.o
hAH3                                              obj/df.o
hAL                                               obj/df.o
hAR                                               obj/df.o
hAS                                               obj/df.o
hAV                                               obj/df.o
hisDepth                                          obj/global.o
                                                  obj/EinAusgabeUSB.o
                                                  obj/df.o
                                                  obj/CrazyCar-V1.39.o
histerese                                         obj/myFunktions.o
history                                           obj/global.o
                                                  obj/EinAusgabeUSB.o
                                                  obj/df.o
historyAverageFR                                  obj/df.o
historyAverageH1                                  obj/df.o
historyAverageH2                                  obj/df.o
historyAverageH3                                  obj/df.o
historyAverageL                                   obj/df.o
historyAverageR                                   obj/df.o
historyAverageS                                   obj/df.o
historyAverageV                                   obj/df.o
historyDepthFR                                    obj/df.o
                                                  obj/EinAusgabeUSB.o
historyDepthH1                                    obj/df.o
                                                  obj/EinAusgabeUSB.o
historyDepthH2                                    obj/df.o
                                                  obj/EinAusgabeUSB.o
historyDepthH3                                    obj/df.o
                                                  obj/EinAusgabeUSB.o
historyDepthL                                     obj/df.o
                                                  obj/EinAusgabeUSB.o
historyDepthPointer                               obj/df.o
                                                  obj/EinAusgabeUSB.o
                                                  obj/CrazyCar-V1.39.o
historyDepthR                                     obj/df.o
                                                  obj/EinAusgabeUSB.o
historyDepthS                                     obj/df.o
                                                  obj/EinAusgabeUSB.o
historyDepthV                                     obj/df.o
                                                  obj/EinAusgabeUSB.o
historyZzMAX                                      obj/df.o
                                                  obj/EinAusgabeUSB.o
hmod                                              obj/global.o
                                                  obj/EinAusgabeUSB.o
                                                  obj/df.o
hspStart                                          obj/global.o
                                                  obj/EinAusgabeUSB.o
                                                  obj/df.o
                                                  obj/CrazyCar-V1.39.o
initFahr                                          obj/cc-lib.o
                                                  obj/CrazyCar-V1.39.o
initMikroController                               obj/df.o
                                                  obj/CrazyCar-V1.39.o
initServo                                         obj/cc-lib.o
                                                  obj/CrazyCar-V1.39.o
init_Timer2                                       obj/zyklus.o
                                                  obj/df.o
init_pwm                                          obj/zyklus.o
itoa                                              c:/winavr-20100110/bin/../lib/gcc/avr/4.3.3/../../../../avr/lib/avr5\libc.a(itoa.o)
                                                  obj/cc-lib.o
                                                  obj/EinAusgabeUSB.o
j                                                 obj/global.o
                                                  obj/EinAusgabeUSB.o
kommand                                           obj/global.o
                                                  obj/cc-lib.o
                                                  obj/EinAusgabeUSB.o
kommandos                                         obj/global.o
                                                  obj/EinAusgabeUSB.o
ledPB1                                            obj/df.o
                                                  obj/CrazyCar-V1.39.o
ledPB1_flash                                      obj/df.o
ledPB2                                            obj/df.o
                                                  obj/EinAusgabeUSB.o
ledPB2_flash                                      obj/df.o
ledPC2                                            obj/df.o
                                                  obj/CrazyCar-V1.39.o
ledPC2_flash                                      obj/df.o
                                                  obj/CrazyCar-V1.39.o
ledPC3                                            obj/df.o
                                                  obj/CrazyCar-V1.39.o
ledPC3_flash                                      obj/df.o
                                                  obj/CrazyCar-V1.39.o
ledSchalterTest                                   obj/myFunktions.o
                                                  obj/CrazyCar-V1.39.o
linearisierungAD                                  obj/myFunktions.o
                                                  obj/EinAusgabeUSB.o
                                                  obj/CrazyCar-V1.39.o
logBTOnOff                                        obj/global.o
                                                  obj/EinAusgabeUSB.o
logCmOnOff                                        obj/global.o
                                                  obj/EinAusgabeUSB.o
logMod                                            obj/global.o
                                                  obj/EinAusgabeUSB.o
logOffAus                                         obj/global.o
                                                  obj/EinAusgabeUSB.o
                                                  obj/df.o
logOnOff                                          obj/global.o
                                                  obj/EinAusgabeUSB.o
                                                  obj/df.o
logStart                                          obj/global.o
                                                  obj/EinAusgabeUSB.o
m1                                                obj/global.o
                                                  obj/myFunktions.o
m2                                                obj/global.o
                                                  obj/myFunktions.o
main                                              obj/CrazyCar-V1.39.o
                                                  c:/winavr-20100110/bin/../lib/gcc/avr/4.3.3/../../../../avr/lib/avr5/crtm32.o
malloc                                            c:/winavr-20100110/bin/../lib/gcc/avr/4.3.3/../../../../avr/lib/avr5\libc.a(malloc.o)
maxFahr                                           obj/cc-lib.o
                                                  obj/global.o
mittelWerteBerechnen                              obj/df.o
mod                                               obj/global.o
                                                  obj/EinAusgabeUSB.o
                                                  obj/CrazyCar-V1.39.o
modTEXT                                           obj/global.o
                                                  obj/EinAusgabeUSB.o
myTEXT                                            obj/global.o
                                                  obj/EinAusgabeUSB.o
mya                                               obj/EinAusgabeUSB.o
                                                  obj/global.o
myb                                               obj/EinAusgabeUSB.o
                                                  obj/global.o
myc                                               obj/EinAusgabeUSB.o
                                                  obj/global.o
pReglerServoRechts                                obj/myFunktions.o
pruefeWerteBereich                                obj/EinAusgabeUSB.o
pwm_init                                          obj/pwm.o
                                                  obj/df.o
ro                                                obj/myFunktions.o
rueckwaerts                                       obj/cc-lib.o
s1                                                obj/df.o
                                                  obj/CrazyCar-V1.39.o
s2                                                obj/df.o
                                                  obj/CrazyCar-V1.39.o
s3                                                obj/df.o
s4                                                obj/df.o
                                                  obj/CrazyCar-V1.39.o
servo                                             obj/cc-lib.o
                                                  obj/myFunktions.o
                                                  obj/EinAusgabeUSB.o
                                                  obj/CrazyCar-V1.39.o
servoG                                            obj/cc-lib.o
                                                  obj/global.o
servoML                                           obj/cc-lib.o
                                                  obj/global.o
servoMR                                           obj/cc-lib.o
                                                  obj/global.o
strcat                                            c:/winavr-20100110/bin/../lib/gcc/avr/4.3.3/../../../../avr/lib/avr5\libc.a(strcat.o)
                                                  obj/cc-lib.o
                                                  obj/EinAusgabeUSB.o
strcpy                                            c:/winavr-20100110/bin/../lib/gcc/avr/4.3.3/../../../../avr/lib/avr5\libc.a(strcpy.o)
                                                  obj/EinAusgabeUSB.o
strrev                                            c:/winavr-20100110/bin/../lib/gcc/avr/4.3.3/../../../../avr/lib/avr5\libc.a(strrev.o)
                                                  c:/winavr-20100110/bin/../lib/gcc/avr/4.3.3/../../../../avr/lib/avr5\libc.a(itoa.o)
tab                                               obj/global.o
                                                  obj/cc-lib.o
                                                  obj/EinAusgabeUSB.o
terminal_aktiv                                    obj/df.o
                                                  obj/CrazyCar-V1.39.o
testServo                                         obj/cc-lib.o
textF                                             obj/global.o
                                                  obj/EinAusgabeUSB.o
textF1                                            obj/global.o
                                                  obj/EinAusgabeUSB.o
texth                                             obj/cc-lib.o
                                                  obj/EinAusgabeUSB.o
                                                  obj/global.o
uart_getc                                         obj/uart.o
                                                  obj/cc-lib.o
                                                  obj/EinAusgabeUSB.o
uart_init                                         obj/uart.o
                                                  obj/df.o
uart_putc                                         obj/uart.o
                                                  obj/cc-lib.o
                                                  obj/EinAusgabeUSB.o
                                                  obj/df.o
uart_puts                                         obj/uart.o
                                                  obj/cc-lib.o
                                                  obj/EinAusgabeUSB.o
                                                  obj/df.o
uart_puts_p                                       obj/uart.o
warte_ms                                          obj/df.o
                                                  obj/cc-lib.o
warte_sekunden                                    obj/df.o
welcome                                           obj/global.o
                                                  obj/df.o
wert                                              obj/cc-lib.o
                                                  obj/EinAusgabeUSB.o
                                                  obj/df.o
                                                  obj/global.o
y                                                 obj/myFunktions.o
                                                  obj/global.o
zeichen                                           obj/cc-lib.o
                                                  obj/EinAusgabeUSB.o
                                                  obj/global.o
